[assembly: System.Runtime.Versioning.TargetFrameworkAttribute(".NETStandard,Version=v2.0", FrameworkDisplayName="")]
namespace FakeItEasy
{
    public class static ValueTaskAsyncReturnValueConfigurationExtensions
    {
        public static FakeItEasy.Configuration.IAfterCallConfiguredConfiguration<FakeItEasy.Configuration.IReturnValueConfiguration<System.Threading.Tasks.ValueTask>> ThrowsAsync(this FakeItEasy.Configuration.IReturnValueConfiguration<System.Threading.Tasks.ValueTask> configuration, System.Exception exception) { }
        public static FakeItEasy.Configuration.IAfterCallConfiguredConfiguration<FakeItEasy.Configuration.IReturnValueConfiguration<System.Threading.Tasks.ValueTask>> ThrowsAsync(this FakeItEasy.Configuration.IReturnValueConfiguration<System.Threading.Tasks.ValueTask> configuration, System.Func<FakeItEasy.Core.IFakeObjectCall, System.Exception> exceptionFactory) { }
        public static FakeItEasy.Configuration.IAfterCallConfiguredConfiguration<FakeItEasy.Configuration.IReturnValueConfiguration<System.Threading.Tasks.ValueTask>> ThrowsAsync(this FakeItEasy.Configuration.IReturnValueConfiguration<System.Threading.Tasks.ValueTask> configuration, System.Func<System.Exception> exceptionFactory) { }
        [return: System.Runtime.CompilerServices.NullableAttribute(new byte[] {
                1,
                1,
                0,
                1})]
        public static FakeItEasy.Configuration.IAfterCallConfiguredConfiguration<FakeItEasy.Configuration.IReturnValueConfiguration<System.Threading.Tasks.ValueTask<T>>> ThrowsAsync<[System.Runtime.CompilerServices.NullableAttribute(2)]  T>([System.Runtime.CompilerServices.NullableAttribute(new byte[] {
                1,
                0,
                1})] this FakeItEasy.Configuration.IReturnValueConfiguration<System.Threading.Tasks.ValueTask<T>> configuration, System.Exception exception) { }
        [return: System.Runtime.CompilerServices.NullableAttribute(new byte[] {
                1,
                1,
                0,
                1})]
        public static FakeItEasy.Configuration.IAfterCallConfiguredConfiguration<FakeItEasy.Configuration.IReturnValueConfiguration<System.Threading.Tasks.ValueTask<T>>> ThrowsAsync<[System.Runtime.CompilerServices.NullableAttribute(2)]  T>([System.Runtime.CompilerServices.NullableAttribute(new byte[] {
                1,
                0,
                1})] this FakeItEasy.Configuration.IReturnValueConfiguration<System.Threading.Tasks.ValueTask<T>> configuration, System.Func<FakeItEasy.Core.IFakeObjectCall, System.Exception> exceptionFactory) { }
        [return: System.Runtime.CompilerServices.NullableAttribute(new byte[] {
                1,
                1,
                0,
                1})]
        public static FakeItEasy.Configuration.IAfterCallConfiguredConfiguration<FakeItEasy.Configuration.IReturnValueConfiguration<System.Threading.Tasks.ValueTask<T>>> ThrowsAsync<[System.Runtime.CompilerServices.NullableAttribute(2)]  T>([System.Runtime.CompilerServices.NullableAttribute(new byte[] {
                1,
                0,
                1})] this FakeItEasy.Configuration.IReturnValueConfiguration<System.Threading.Tasks.ValueTask<T>> configuration, System.Func<System.Exception> exceptionFactory) { }
        public static FakeItEasy.Configuration.IAfterCallConfiguredConfiguration<FakeItEasy.Configuration.IReturnValueConfiguration<System.Threading.Tasks.ValueTask>> ThrowsAsync<T1>(this FakeItEasy.Configuration.IReturnValueConfiguration<System.Threading.Tasks.ValueTask> configuration, System.Func<T1, System.Exception> exceptionFactory) { }
        public static FakeItEasy.Configuration.IAfterCallConfiguredConfiguration<FakeItEasy.Configuration.IReturnValueConfiguration<System.Threading.Tasks.ValueTask<T>>> ThrowsAsync<T, T1>(this FakeItEasy.Configuration.IReturnValueConfiguration<System.Threading.Tasks.ValueTask<T>> configuration, System.Func<T1, System.Exception> exceptionFactory) { }
        public static FakeItEasy.Configuration.IAfterCallConfiguredConfiguration<FakeItEasy.Configuration.IReturnValueConfiguration<System.Threading.Tasks.ValueTask>> ThrowsAsync<T1, T2>(this FakeItEasy.Configuration.IReturnValueConfiguration<System.Threading.Tasks.ValueTask> configuration, System.Func<T1, T2, System.Exception> exceptionFactory) { }
        public static FakeItEasy.Configuration.IAfterCallConfiguredConfiguration<FakeItEasy.Configuration.IReturnValueConfiguration<System.Threading.Tasks.ValueTask<T>>> ThrowsAsync<T, T1, T2>(this FakeItEasy.Configuration.IReturnValueConfiguration<System.Threading.Tasks.ValueTask<T>> configuration, System.Func<T1, T2, System.Exception> exceptionFactory) { }
        public static FakeItEasy.Configuration.IAfterCallConfiguredConfiguration<FakeItEasy.Configuration.IReturnValueConfiguration<System.Threading.Tasks.ValueTask>> ThrowsAsync<T1, T2, T3>(this FakeItEasy.Configuration.IReturnValueConfiguration<System.Threading.Tasks.ValueTask> configuration, System.Func<T1, T2, T3, System.Exception> exceptionFactory) { }
        public static FakeItEasy.Configuration.IAfterCallConfiguredConfiguration<FakeItEasy.Configuration.IReturnValueConfiguration<System.Threading.Tasks.ValueTask<T>>> ThrowsAsync<T, T1, T2, T3>(this FakeItEasy.Configuration.IReturnValueConfiguration<System.Threading.Tasks.ValueTask<T>> configuration, System.Func<T1, T2, T3, System.Exception> exceptionFactory) { }
        public static FakeItEasy.Configuration.IAfterCallConfiguredConfiguration<FakeItEasy.Configuration.IReturnValueConfiguration<System.Threading.Tasks.ValueTask>> ThrowsAsync<T1, T2, T3, T4>(this FakeItEasy.Configuration.IReturnValueConfiguration<System.Threading.Tasks.ValueTask> configuration, System.Func<T1, T2, T3, T4, System.Exception> exceptionFactory) { }
        public static FakeItEasy.Configuration.IAfterCallConfiguredConfiguration<FakeItEasy.Configuration.IReturnValueConfiguration<System.Threading.Tasks.ValueTask<T>>> ThrowsAsync<T, T1, T2, T3, T4>(this FakeItEasy.Configuration.IReturnValueConfiguration<System.Threading.Tasks.ValueTask<T>> configuration, System.Func<T1, T2, T3, T4, System.Exception> exceptionFactory) { }
        public static FakeItEasy.Configuration.IAfterCallConfiguredConfiguration<FakeItEasy.Configuration.IReturnValueConfiguration<System.Threading.Tasks.ValueTask>> ThrowsAsync<T1, T2, T3, T4, T5>(this FakeItEasy.Configuration.IReturnValueConfiguration<System.Threading.Tasks.ValueTask> configuration, System.Func<T1, T2, T3, T4, T5, System.Exception> exceptionFactory) { }
        public static FakeItEasy.Configuration.IAfterCallConfiguredConfiguration<FakeItEasy.Configuration.IReturnValueConfiguration<System.Threading.Tasks.ValueTask<T>>> ThrowsAsync<T, T1, T2, T3, T4, T5>(this FakeItEasy.Configuration.IReturnValueConfiguration<System.Threading.Tasks.ValueTask<T>> configuration, System.Func<T1, T2, T3, T4, T5, System.Exception> exceptionFactory) { }
        public static FakeItEasy.Configuration.IAfterCallConfiguredConfiguration<FakeItEasy.Configuration.IReturnValueConfiguration<System.Threading.Tasks.ValueTask>> ThrowsAsync<T1, T2, T3, T4, T5, T6>(this FakeItEasy.Configuration.IReturnValueConfiguration<System.Threading.Tasks.ValueTask> configuration, System.Func<T1, T2, T3, T4, T5, T6, System.Exception> exceptionFactory) { }
        public static FakeItEasy.Configuration.IAfterCallConfiguredConfiguration<FakeItEasy.Configuration.IReturnValueConfiguration<System.Threading.Tasks.ValueTask<T>>> ThrowsAsync<T, T1, T2, T3, T4, T5, T6>(this FakeItEasy.Configuration.IReturnValueConfiguration<System.Threading.Tasks.ValueTask<T>> configuration, System.Func<T1, T2, T3, T4, T5, T6, System.Exception> exceptionFactory) { }
        public static FakeItEasy.Configuration.IAfterCallConfiguredConfiguration<FakeItEasy.Configuration.IReturnValueConfiguration<System.Threading.Tasks.ValueTask>> ThrowsAsync<T1, T2, T3, T4, T5, T6, T7>(this FakeItEasy.Configuration.IReturnValueConfiguration<System.Threading.Tasks.ValueTask> configuration, System.Func<T1, T2, T3, T4, T5, T6, T7, System.Exception> exceptionFactory) { }
        public static FakeItEasy.Configuration.IAfterCallConfiguredConfiguration<FakeItEasy.Configuration.IReturnValueConfiguration<System.Threading.Tasks.ValueTask<T>>> ThrowsAsync<T, T1, T2, T3, T4, T5, T6, T7>(this FakeItEasy.Configuration.IReturnValueConfiguration<System.Threading.Tasks.ValueTask<T>> configuration, System.Func<T1, T2, T3, T4, T5, T6, T7, System.Exception> exceptionFactory) { }
        public static FakeItEasy.Configuration.IAfterCallConfiguredConfiguration<FakeItEasy.Configuration.IReturnValueConfiguration<System.Threading.Tasks.ValueTask>> ThrowsAsync<T1, T2, T3, T4, T5, T6, T7, T8>(this FakeItEasy.Configuration.IReturnValueConfiguration<System.Threading.Tasks.ValueTask> configuration, System.Func<T1, T2, T3, T4, T5, T6, T7, T8, System.Exception> exceptionFactory) { }
        public static FakeItEasy.Configuration.IAfterCallConfiguredConfiguration<FakeItEasy.Configuration.IReturnValueConfiguration<System.Threading.Tasks.ValueTask<T>>> ThrowsAsync<T, T1, T2, T3, T4, T5, T6, T7, T8>(this FakeItEasy.Configuration.IReturnValueConfiguration<System.Threading.Tasks.ValueTask<T>> configuration, System.Func<T1, T2, T3, T4, T5, T6, T7, T8, System.Exception> exceptionFactory) { }
    }
    public class static ValueTaskReturnValueConfigurationExtensions
    {
        [return: System.Runtime.CompilerServices.NullableAttribute(new byte[] {
                1,
                1,
                0,
                1})]
        public static FakeItEasy.Configuration.IAfterCallConfiguredWithOutAndRefParametersConfiguration<FakeItEasy.Configuration.IReturnValueConfiguration<System.Threading.Tasks.ValueTask<T>>> Returns<[System.Runtime.CompilerServices.NullableAttribute(2)]  T>([System.Runtime.CompilerServices.NullableAttribute(new byte[] {
                1,
                0,
                1})] this FakeItEasy.Configuration.IReturnValueConfiguration<System.Threading.Tasks.ValueTask<T>> configuration, T value) { }
        [return: System.Runtime.CompilerServices.NullableAttribute(new byte[] {
                1,
                1,
                0,
                1})]
        public static FakeItEasy.Configuration.IAfterCallConfiguredWithOutAndRefParametersConfiguration<FakeItEasy.Configuration.IReturnValueConfiguration<System.Threading.Tasks.ValueTask<T>>> ReturnsLazily<[System.Runtime.CompilerServices.NullableAttribute(2)]  T>([System.Runtime.CompilerServices.NullableAttribute(new byte[] {
                1,
                0,
                1})] this FakeItEasy.Configuration.IReturnValueConfiguration<System.Threading.Tasks.ValueTask<T>> configuration, System.Func<T> valueProducer) { }
        public static FakeItEasy.Configuration.IAfterCallConfiguredWithOutAndRefParametersConfiguration<FakeItEasy.Configuration.IReturnValueConfiguration<System.Threading.Tasks.ValueTask<TReturnType>>> ReturnsLazily<TReturnType, T1>(this FakeItEasy.Configuration.IReturnValueConfiguration<System.Threading.Tasks.ValueTask<TReturnType>> configuration, System.Func<T1, TReturnType> valueProducer) { }
        public static FakeItEasy.Configuration.IAfterCallConfiguredWithOutAndRefParametersConfiguration<FakeItEasy.Configuration.IReturnValueConfiguration<System.Threading.Tasks.ValueTask<TReturnType>>> ReturnsLazily<TReturnType, T1, T2>(this FakeItEasy.Configuration.IReturnValueConfiguration<System.Threading.Tasks.ValueTask<TReturnType>> configuration, System.Func<T1, T2, TReturnType> valueProducer) { }
        public static FakeItEasy.Configuration.IAfterCallConfiguredWithOutAndRefParametersConfiguration<FakeItEasy.Configuration.IReturnValueConfiguration<System.Threading.Tasks.ValueTask<TReturnType>>> ReturnsLazily<TReturnType, T1, T2, T3>(this FakeItEasy.Configuration.IReturnValueConfiguration<System.Threading.Tasks.ValueTask<TReturnType>> configuration, System.Func<T1, T2, T3, TReturnType> valueProducer) { }
        public static FakeItEasy.Configuration.IAfterCallConfiguredWithOutAndRefParametersConfiguration<FakeItEasy.Configuration.IReturnValueConfiguration<System.Threading.Tasks.ValueTask<TReturnType>>> ReturnsLazily<TReturnType, T1, T2, T3, T4>(this FakeItEasy.Configuration.IReturnValueConfiguration<System.Threading.Tasks.ValueTask<TReturnType>> configuration, System.Func<T1, T2, T3, T4, TReturnType> valueProducer) { }
        public static FakeItEasy.Configuration.IAfterCallConfiguredWithOutAndRefParametersConfiguration<FakeItEasy.Configuration.IReturnValueConfiguration<System.Threading.Tasks.ValueTask<TReturnType>>> ReturnsLazily<TReturnType, T1, T2, T3, T4, T5>(this FakeItEasy.Configuration.IReturnValueConfiguration<System.Threading.Tasks.ValueTask<TReturnType>> configuration, System.Func<T1, T2, T3, T4, T5, TReturnType> valueProducer) { }
        public static FakeItEasy.Configuration.IAfterCallConfiguredWithOutAndRefParametersConfiguration<FakeItEasy.Configuration.IReturnValueConfiguration<System.Threading.Tasks.ValueTask<TReturnType>>> ReturnsLazily<TReturnType, T1, T2, T3, T4, T5, T6>(this FakeItEasy.Configuration.IReturnValueConfiguration<System.Threading.Tasks.ValueTask<TReturnType>> configuration, System.Func<T1, T2, T3, T4, T5, T6, TReturnType> valueProducer) { }
        public static FakeItEasy.Configuration.IAfterCallConfiguredWithOutAndRefParametersConfiguration<FakeItEasy.Configuration.IReturnValueConfiguration<System.Threading.Tasks.ValueTask<TReturnType>>> ReturnsLazily<TReturnType, T1, T2, T3, T4, T5, T6, T7>(this FakeItEasy.Configuration.IReturnValueConfiguration<System.Threading.Tasks.ValueTask<TReturnType>> configuration, System.Func<T1, T2, T3, T4, T5, T6, T7, TReturnType> valueProducer) { }
        public static FakeItEasy.Configuration.IAfterCallConfiguredWithOutAndRefParametersConfiguration<FakeItEasy.Configuration.IReturnValueConfiguration<System.Threading.Tasks.ValueTask<TReturnType>>> ReturnsLazily<TReturnType, T1, T2, T3, T4, T5, T6, T7, T8>(this FakeItEasy.Configuration.IReturnValueConfiguration<System.Threading.Tasks.ValueTask<TReturnType>> configuration, System.Func<T1, T2, T3, T4, T5, T6, T7, T8, TReturnType> valueProducer) { }
        public static void ReturnsNextFromSequence<[System.Runtime.CompilerServices.NullableAttribute(2)]  T>([System.Runtime.CompilerServices.NullableAttribute(new byte[] {
                1,
                0,
                1})] this FakeItEasy.Configuration.IReturnValueConfiguration<System.Threading.Tasks.ValueTask<T>> configuration, params T[] values) { }
    }
}